G AE BH DF C 
A 
C 
0 1 
G 0 G
G 1 AE
AE 0 BH
AE 1 DF
BH 0 G
BH 1 C
DF 0 C
DF 1 G
C 0 AE
C 1 C
