6 04 17 35 2 
0
2 
a b 
6 a 6
6 b 04
04 a 17
04 b 35
17 a 6
17 b 2
35 a 2
35 b 6
2 a 04
2 b 2
