BC AD 
A
AD 
0 1 
BC 0 AD
BC 1 AD
AD 0 BC
AD 1 BC
